../Drivers/CMSIS/Include/core_cm3.h:1511:22:__NVIC_EnableIRQ	16	static
../Drivers/CMSIS/Include/core_cm3.h:1639:22:__NVIC_SetPriority	16	static
../Core/Src/main.c:58:6:spi_gpio_config	4	static
../Core/Src/main.c:86:6:spi_config	4	static
../Core/Src/main.c:118:6:spi_transmit	32	static
../Core/Src/main.c:177:6:spi_transmit_it	32	static
../Core/Src/main.c:204:6:spi_receive_it	32	static
../Core/Src/main.c:229:6:spi_receive	32	static
../Core/Src/main.c:294:6:exchange	24	static
../Core/Src/main.c:312:6:read_id_manufact	24	static
../Core/Src/main.c:331:6:write_data	40	static
../Core/Src/main.c:361:6:read_data	32	static
../Core/Src/main.c:386:6:read_data_it	32	static
../Core/Src/main.c:408:6:erase_sector	32	static
../Core/Src/main.c:433:6:reset_device	16	static
../Core/Src/main.c:449:6:erase_chip	16	static
../Core/Src/main.c:480:5:main	48	static
../Core/Src/main.c:549:6:SystemClock_Config	72	static
../Core/Src/main.c:584:13:MX_GPIO_Init	16	static
../Core/Src/main.c:598:6:SPI1_IRQHandler	4	static
../Core/Src/main.c:649:6:Error_Handler	4	static,ignoring_inline_asm
